c:\users\user\downloads\charactercounter (1)\charactercounter\debug\vc145.pdb
c:\users\user\downloads\charactercounter (1)\charactercounter\debug\vc145.idb
c:\users\user\downloads\charactercounter (1)\charactercounter\debug\utf8converter.obj
c:\users\user\downloads\charactercounter (1)\charactercounter\debug\unorderedmapcountingstrategy.obj
c:\users\user\downloads\charactercounter (1)\charactercounter\debug\fileservice.obj
c:\users\user\downloads\charactercounter (1)\charactercounter\debug\characterdata.obj
c:\users\user\downloads\charactercounter (1)\charactercounter\debug\countingstrategyfactory.obj
c:\users\user\downloads\charactercounter (1)\charactercounter\debug\consoleapplication.obj
c:\users\user\downloads\charactercounter (1)\charactercounter\debug\main.obj
c:\users\user\downloads\charactercounter (1)\charactercounter\debug\charactercounter.exe
c:\users\user\downloads\charactercounter (1)\charactercounter\debug\charactercounter.pdb
c:\users\user\downloads\charactercounter (1)\charactercounter\debug\charactercounter.ilk
c:\users\user\downloads\charactercounter (1)\charactercounter\debug\charactercounter.tlog\cl.command.1.tlog
c:\users\user\downloads\charactercounter (1)\charactercounter\debug\charactercounter.tlog\cl.items.tlog
c:\users\user\downloads\charactercounter (1)\charactercounter\debug\charactercounter.tlog\cl.read.1.tlog
c:\users\user\downloads\charactercounter (1)\charactercounter\debug\charactercounter.tlog\cl.write.1.tlog
c:\users\user\downloads\charactercounter (1)\charactercounter\debug\charactercounter.tlog\link.command.1.tlog
c:\users\user\downloads\charactercounter (1)\charactercounter\debug\charactercounter.tlog\link.read.1.tlog
c:\users\user\downloads\charactercounter (1)\charactercounter\debug\charactercounter.tlog\link.secondary.1.tlog
c:\users\user\downloads\charactercounter (1)\charactercounter\debug\charactercounter.tlog\link.write.1.tlog
